//BOILER LOCKOUT CODES
161 = EEPROM code Parameters not Re-Programmed by Lochinvar
164 = EEPROM code No Reset Allowed (> 15 minutes)
166 = EEPROM code Auto Reset High Limit
167 = EEPROM code Blocked Drain
168 = EEPROM code Louver Proving
169 = EEPROM code Gas Pressure Sw
170 = EEPROM code Flow Switch
177 = Sensor 3 short (Flue Sensor)
178 = Sensor 3 open (Flue Sensor)
179 = Sensor 2 short (Inlet Sensor)
180 = Sensor 2 open (Inlet Sensor)
192 = Sensor 1 short (Outlet Sensor)
193 = Sensor 1 open (Outlet Sensor)
204 = CRC EEPROM failed
205 = EEPROM programmed (display shows “PP”)
206 = EEPROM error in programming
207 = Write error EEPROM
229 = EEPROM code Watch Dog
230 = EEPROM code fan low (should be high)
231 = EEPROM code fan high (should be low)
232 = EEPROM code no flame when running
233 = EEPROM code no flame after ignition
234 = EEPROM code simultaneous output APS and Fan
235 = EEPROM code APS active not Closed
236 = EEPROM code APS active not Open
237 = EEPROM code flame out of sequence
239 = EEPROM code when gas valve relay test fails
240 = EEPROM code MRHL
32767 = Clear
= initializing 